$ bunx jest
PASS src/__tests__/aircraft.services.test.ts
PASS src/__tests__/booking.services.test.ts
PASS src/__tests__/ticket.services.test.ts
PASS src/__tests__/staff.services.test.ts
PASS src/__tests__/flight.services.test.ts
PASS src/__tests__/route.services.test.ts
PASS src/__tests__/payment.services.test.ts
PASS src/__tests__/airport.services.test.ts
PASS src/__tests__/issue-report.services.test.ts
PASS src/__tests__/user.services.test.ts
FAIL src/lib/openapi/spec.ts
  ● Test suite failed to run

    Your test suite must contain at least one test.

      at onResult (node_modules/@jest/core/build/index.js:1057:18)
      at node_modules/@jest/core/build/index.js:1127:165
      at node_modules/emittery/index.js:363:13
          at Array.map (<anonymous>)
      at Emittery.emit (node_modules/emittery/index.js:361:23)

PASS src/__tests__/flight-ops-log.services.test.ts
PASS src/__tests__/PriceStrip.test.tsx
PASS src/__tests__/ReportTemplate.test.tsx
PASS src/__tests__/ProfileSettingsForm.test.tsx
PASS src/__tests__/Navbar.test.tsx
PASS src/__tests__/BookingTable.test.tsx
PASS src/__tests__/FlightTicketManagement.test.tsx
PASS src/__tests__/FlightCard.test.tsx
PASS src/__tests__/AirportCreateForm.test.tsx
PASS src/__tests__/AirportManagement.test.tsx
PASS src/__tests__/FlightOpsLogManagement.test.tsx
PASS src/__tests__/RouteManagement.test.tsx
PASS src/__tests__/DashboardShellClient.test.tsx
PASS src/__tests__/SearchHeader.test.tsx
PASS src/__tests__/AircraftEditForm.test.tsx
PASS src/__tests__/AircraftTypeCreateForm.test.tsx
PASS src/__tests__/RouteCreateForm.test.tsx
PASS src/__tests__/PaymentLogManagement.test.tsx
PASS src/__tests__/UserEditForm.test.tsx
PASS src/__tests__/AircraftCreateForm.test.tsx
PASS src/__tests__/IssueManagement.test.tsx
PASS src/__tests__/DashboardOverview.test.tsx
  ● Console

    console.error
      An update to DashboardOverview inside a test was not wrapped in act(...).
      
      When testing, code that causes React state updates should be wrapped into act(...):
      
      act(() => {
        /* fire events that update state */
      });
      /* assert on the output */
      
      This ensures that you're testing the behavior the user would see in the browser. Learn more at https://react.dev/link/wrap-tests-with-act

      66 |   async function initializeLiveRoutes() {
      67 |     const initialData = await fetchLiveMapData();
    > 68 |     setLiveRoutes(initialData);
         |     ^
      69 |   }
      70 |
      71 |   useEffect(() => {

      at node_modules/react-dom/cjs/react-dom-client.development.js:18758:19
      at runWithFiberInDEV (node_modules/react-dom/cjs/react-dom-client.development.js:874:13)
      at warnIfUpdatesNotWrappedWithActDEV (node_modules/react-dom/cjs/react-dom-client.development.js:18757:9)
      at scheduleUpdateOnFiber (node_modules/react-dom/cjs/react-dom-client.development.js:16409:11)
      at dispatchSetStateInternal (node_modules/react-dom/cjs/react-dom-client.development.js:9170:13)
      at dispatchSetState (node_modules/react-dom/cjs/react-dom-client.development.js:9127:7)
      at setLiveRoutes (src/components/DashboardOverview.tsx:68:5)

    console.error
      An update to DashboardOverview inside a test was not wrapped in act(...).
      
      When testing, code that causes React state updates should be wrapped into act(...):
      
      act(() => {
        /* fire events that update state */
      });
      /* assert on the output */
      
      This ensures that you're testing the behavior the user would see in the browser. Learn more at https://react.dev/link/wrap-tests-with-act

      66 |   async function initializeLiveRoutes() {
      67 |     const initialData = await fetchLiveMapData();
    > 68 |     setLiveRoutes(initialData);
         |     ^
      69 |   }
      70 |
      71 |   useEffect(() => {

      at node_modules/react-dom/cjs/react-dom-client.development.js:18758:19
      at runWithFiberInDEV (node_modules/react-dom/cjs/react-dom-client.development.js:874:13)
      at warnIfUpdatesNotWrappedWithActDEV (node_modules/react-dom/cjs/react-dom-client.development.js:18757:9)
      at scheduleUpdateOnFiber (node_modules/react-dom/cjs/react-dom-client.development.js:16409:11)
      at dispatchSetStateInternal (node_modules/react-dom/cjs/react-dom-client.development.js:9170:13)
      at dispatchSetState (node_modules/react-dom/cjs/react-dom-client.development.js:9127:7)
      at setLiveRoutes (src/components/DashboardOverview.tsx:68:5)

    console.error
      An update to DashboardOverview inside a test was not wrapped in act(...).
      
      When testing, code that causes React state updates should be wrapped into act(...):
      
      act(() => {
        /* fire events that update state */
      });
      /* assert on the output */
      
      This ensures that you're testing the behavior the user would see in the browser. Learn more at https://react.dev/link/wrap-tests-with-act

      66 |   async function initializeLiveRoutes() {
      67 |     const initialData = await fetchLiveMapData();
    > 68 |     setLiveRoutes(initialData);
         |     ^
      69 |   }
      70 |
      71 |   useEffect(() => {

      at node_modules/react-dom/cjs/react-dom-client.development.js:18758:19
      at runWithFiberInDEV (node_modules/react-dom/cjs/react-dom-client.development.js:874:13)
      at warnIfUpdatesNotWrappedWithActDEV (node_modules/react-dom/cjs/react-dom-client.development.js:18757:9)
      at scheduleUpdateOnFiber (node_modules/react-dom/cjs/react-dom-client.development.js:16409:11)
      at dispatchSetStateInternal (node_modules/react-dom/cjs/react-dom-client.development.js:9170:13)
      at dispatchSetState (node_modules/react-dom/cjs/react-dom-client.development.js:9127:7)
      at setLiveRoutes (src/components/DashboardOverview.tsx:68:5)

    console.error
      An update to DashboardOverview inside a test was not wrapped in act(...).
      
      When testing, code that causes React state updates should be wrapped into act(...):
      
      act(() => {
        /* fire events that update state */
      });
      /* assert on the output */
      
      This ensures that you're testing the behavior the user would see in the browser. Learn more at https://react.dev/link/wrap-tests-with-act

      66 |   async function initializeLiveRoutes() {
      67 |     const initialData = await fetchLiveMapData();
    > 68 |     setLiveRoutes(initialData);
         |     ^
      69 |   }
      70 |
      71 |   useEffect(() => {

      at node_modules/react-dom/cjs/react-dom-client.development.js:18758:19
      at runWithFiberInDEV (node_modules/react-dom/cjs/react-dom-client.development.js:874:13)
      at warnIfUpdatesNotWrappedWithActDEV (node_modules/react-dom/cjs/react-dom-client.development.js:18757:9)
      at scheduleUpdateOnFiber (node_modules/react-dom/cjs/react-dom-client.development.js:16409:11)
      at dispatchSetStateInternal (node_modules/react-dom/cjs/react-dom-client.development.js:9170:13)
      at dispatchSetState (node_modules/react-dom/cjs/react-dom-client.development.js:9127:7)
      at setLiveRoutes (src/components/DashboardOverview.tsx:68:5)

PASS src/__tests__/FlightSearchBox.test.tsx
PASS src/__tests__/AircraftManagement.test.tsx
PASS src/__tests__/FlightCreateForm.test.tsx
PASS src/__tests__/FlightTable.test.tsx
PASS src/__tests__/UserManagement.test.tsx
PASS src/__tests__/FlightEditForm.test.tsx

Summary of all failing tests
FAIL src/lib/openapi/spec.ts
  ● Test suite failed to run

    Your test suite must contain at least one test.

      at onResult (node_modules/@jest/core/build/index.js:1057:18)
      at node_modules/@jest/core/build/index.js:1127:165
      at node_modules/emittery/index.js:363:13
          at Array.map (<anonymous>)
      at Emittery.emit (node_modules/emittery/index.js:361:23)


Test Suites: 1 failed, 38 passed, 39 total
Tests:       125 passed, 125 total
Snapshots:   0 total
Time:        5.422 s
Ran all test suites.
error: script "test" exited with code 1
